// Jest Snapshot v1, https://goo.gl/fbAQLP

exports[`Employee Snapshot Comprobar la UI del componente Employee 1`] = `
<span
  className="section__list-users--component"
>
  <ul
    className="section__list-users--component-data"
  >
    <li
      className="section__list-users--component-data-img"
    >
      <img
        alt="User_image"
        src="https://firebasestorage.googleapis.com/v0/b/humbertostark21.appspot.com/o/woman.svg?alt=media&token=28e58c45-62a1-4c30-b2a3-da9dac2d692f"
      />
    </li>
    <li
      className="section__list-users--component-data-employe"
    >
      <h2 />
      <h3>
         Software Engineer 
      </h3>
    </li>
    <li
      className="section__list-users--component-data-salary"
    >
      <h2 />
      <h3 />
    </li>
    <li
      className="section__list-users--component-data-status"
    />
    <li
      className="section__list-users--component-data-edit"
    >
      <button
        type="button"
      >
        <img
          alt="Edit Icon"
          src="https://firebasestorage.googleapis.com/v0/b/humbertostark21.appspot.com/o/pencil.svg?alt=media&token=75fd35e8-495d-4ce6-9f75-f32a36cc1fcd"
        />
      </button>
      <button
        type="button"
      >
        <img
          alt="Delete Icon"
          src="https://firebasestorage.googleapis.com/v0/b/humbertostark21.appspot.com/o/trash.svg?alt=media&token=0d246700-9a88-4fc2-b267-649d7be7a9fd"
        />
      </button>
    </li>
  </ul>
</span>
`;
